// Jest Snapshot v1, https://goo.gl/fbAQLP

exports[`Reading a SpreadSheet and turning a template into formatted HTML 1`] = `
"<div data-sheet-best=\\"https://sheet.best/api/sheet/cf969697-682a-40e3-bad4-d54803eeeacf\\">
  <div>
    <h2>COST</h2>
    <div>
      <span>Price: <b>268.15</b></span>
      <span>High: <b>275.36</b></span>
      <span>Low: <b>268</b></span>
    </div>
  </div>

  <div>
    <h2>AAPL</h2>
    <div>
      <span>Price: <b>202.74</b></span>
      <span>High: <b>206.44</b></span>
      <span>Low: <b>202.59</b></span>
    </div>
  </div>

  <div>
    <h2>ADBE</h2>
    <div>
      <span>Price: <b>283.66</b></span>
      <span>High: <b>289.65</b></span>
      <span>Low: <b>281.43</b></span>
    </div>
  </div>

  <div>
    <h2>AMZN</h2>
    <div>
      <span>Price: <b>1762.96</b></span>
      <span>High: <b>1795.65</b></span>
      <span>Low: <b>1757.22</b></span>
    </div>
  </div>

  <div>
    <h2>PEP</h2>
    <div>
      <span>Price: <b>129.12</b></span>
      <span>High: <b>130.53</b></span>
      <span>Low: <b>128.8</b></span>
    </div>
  </div>

  <div>
    <h2>TSLA</h2>
    <div>
      <span>Price: <b>219.62</b></span>
      <span>High: <b>231.5</b></span>
      <span>Low: <b>219.5</b></span>
    </div>
  </div>
</div>"
`;
